https://storage.googleapis.com/kaggle-datasets/201937/444614/online-shoppers-intention.zip?GoogleAccessId=web-data@kaggle-161607.iam.gserviceaccount.com&Expires=1568262660&Signature=QYhKZwEajVuxEya5TD4Yu508rfPWaDS4RIkLGdwnZU31ZsTZG%2Fnt2RIT48S9%2BVq57B0sBHJBDEVy%2FoP45PwHgCSUWrFl62VPleIE0Q9l4X0ljHRU0j8%2BSpX9ogF%2BCjWQcvJsQut8lMVZpDmfB6B%2BUbQYdQmAdQuWizzWpXnJ09wjGhAIAfGgXA5OLoUK%2BCnnTZshcOp3QhkqM0Dv79uo3LerO0xmdp2c8bBWiNguUICnuk3R1Gk%2BdaHXtsW%2Bclhs71pZfRgPMR4081nlCOnzTqUR%2F1ykDQicUJj6l4UNbACzm0IRMxGICQ%2BKyFNWbnMn31nQf9VNsylToRdPLKV50Q%3D%3D